2020/12/03 10:56:16 [error] 4632#12916: *4 CreateFile() "D:/_tweYjzfFiles/root/favicon.ico" failed (3: The system cannot find the path specified), client: 127.0.0.1, server: 127.0.0.1, request: "GET /favicon.ico HTTP/1.1", host: "127.0.0.1:9990", referrer: "http://127.0.0.1:9990/fxkshApi/cm/cmCustContact/list"
2020/12/03 11:12:57 [error] 14248#17212: *1 CreateFile() "D:/_tweYjzfFiles/root/favicon.ico" failed (3: The system cannot find the path specified), client: 192.168.1.112, server: 127.0.0.1, request: "GET /favicon.ico HTTP/1.1", host: "192.168.1.112:9990", referrer: "http://192.168.1.112:9990/fxksh/index.html"
2020/12/03 17:47:56 [error] 14248#17212: *432 upstream timed out (10060: A connection attempt failed because the connected party did not properly respond after a period of time, or established connection failed because connected host has failed to respond) while reading response header from upstream, client: 192.168.1.112, server: 127.0.0.1, request: "GET /fxkshApi/cm/cmCustContact/view?riskPointId=1333643763854360576 HTTP/1.1", upstream: "http://127.0.0.1:8980/web/api/cm/cmCustContact/view?riskPointId=1333643763854360576", host: "192.168.1.112:9990"
2020/12/03 21:34:55 [error] 14248#17212: *538 CreateFile() "E:/HBuilder/workspakes/fxksh/Files/userfiles/fileupload/202012/1334472307262103554.jpg" failed (3: The system cannot find the path specified), client: 192.168.1.112, server: 127.0.0.1, request: "GET /fxkshFiles/userfiles/fileupload/202012/1334472307262103554.jpg HTTP/1.1", host: "192.168.1.112:9990", referrer: "http://192.168.1.112:9990/fxksh/index.html"
2020/12/03 21:36:12 [error] 21488#13876: *1 CreateFile() "D:/_fxkshFiles//index.html" failed (2: The system cannot find the file specified), client: 192.168.1.112, server: 127.0.0.1, request: "GET /fxksh/index.html HTTP/1.1", host: "192.168.1.112:9990"
2020/12/03 21:37:46 [error] 27432#24156: *1 CreateFile() "D:/_fxkshFiles//index.html" failed (2: The system cannot find the file specified), client: 192.168.1.112, server: 127.0.0.1, request: "GET /fxksh/index.html HTTP/1.1", host: "192.168.1.112:9990"
2020/12/03 21:38:06 [error] 27432#24156: *1 CreateFile() "D:/_fxkshFiles//index.html" failed (2: The system cannot find the file specified), client: 192.168.1.112, server: 127.0.0.1, request: "GET /fxksh/index.html HTTP/1.1", host: "192.168.1.112:9990"
2020/12/03 21:38:08 [error] 27432#24156: *1 CreateFile() "D:/_fxkshFiles//index.html" failed (2: The system cannot find the file specified), client: 192.168.1.112, server: 127.0.0.1, request: "GET /fxksh/index.html HTTP/1.1", host: "192.168.1.112:9990"
2020/12/03 21:38:08 [error] 27432#24156: *1 CreateFile() "D:/_fxkshFiles//index.html" failed (2: The system cannot find the file specified), client: 192.168.1.112, server: 127.0.0.1, request: "GET /fxksh/index.html HTTP/1.1", host: "192.168.1.112:9990"
2020/12/03 21:38:08 [error] 27432#24156: *1 CreateFile() "D:/_fxkshFiles//index.html" failed (2: The system cannot find the file specified), client: 192.168.1.112, server: 127.0.0.1, request: "GET /fxksh/index.html HTTP/1.1", host: "192.168.1.112:9990"
2020/12/03 21:38:08 [error] 27432#24156: *1 CreateFile() "D:/_fxkshFiles//index.html" failed (2: The system cannot find the file specified), client: 192.168.1.112, server: 127.0.0.1, request: "GET /fxksh/index.html HTTP/1.1", host: "192.168.1.112:9990"
2020/12/03 21:38:37 [error] 27260#4100: *1 CreateFile() "D:/_fxkshFiles//index.html" failed (2: The system cannot find the file specified), client: 192.168.1.112, server: 127.0.0.1, request: "GET /fxksh/index.html HTTP/1.1", host: "192.168.1.112:9990"
2020/12/03 21:39:20 [error] 18988#26004: *2 CreateFile() "E:/HBuilder/workspakes/fxksh/userfiles/fileupload/202012/1334472307262103554.jpg" failed (3: The system cannot find the path specified), client: 192.168.1.112, server: 127.0.0.1, request: "GET /fxksh/userfiles/fileupload/202012/1334472307262103554.jpg HTTP/1.1", host: "192.168.1.112:9990", referrer: "http://192.168.1.112:9990/fxksh/index.html"
2020/12/03 21:43:11 [error] 18988#26004: *6 CreateFile() "D:/_fxkshFiles//userfiles/fileupload/202012/1334422459605581825.png" failed (2: The system cannot find the file specified), client: 192.168.1.112, server: 127.0.0.1, request: "GET /fxkshFile/userfiles/fileupload/202012/1334422459605581825.png HTTP/1.1", host: "192.168.1.112:9990", referrer: "http://192.168.1.112:9990/fxksh/index.html"
2020/12/03 21:43:15 [error] 18988#26004: *6 CreateFile() "D:/_fxkshFiles//userfiles/fileupload/202012/1334422459605581825.png" failed (2: The system cannot find the file specified), client: 192.168.1.112, server: 127.0.0.1, request: "GET /fxkshFile/userfiles/fileupload/202012/1334422459605581825.png HTTP/1.1", host: "192.168.1.112:9990", referrer: "http://192.168.1.112:9990/fxksh/index.html"
2020/12/03 21:43:22 [error] 18988#26004: *6 CreateFile() "D:/_fxkshFiles//userfiles/fileupload/202012/1334422459605581825.png" failed (2: The system cannot find the file specified), client: 192.168.1.112, server: 127.0.0.1, request: "GET /fxkshFile/userfiles/fileupload/202012/1334422459605581825.png HTTP/1.1", host: "192.168.1.112:9990", referrer: "http://192.168.1.112:9990/fxksh/index.html"
2020/12/04 08:45:21 [error] 7668#11608: *3 CreateFile() "D:/_tweYjzfFiles/root/favicon.ico" failed (3: The system cannot find the path specified), client: 192.168.1.112, server: 127.0.0.1, request: "GET /favicon.ico HTTP/1.1", host: "192.168.1.112:9990", referrer: "http://192.168.1.112:9990/fxkshApi/cm/cmCustContact/list"
2020/12/04 15:23:33 [error] 7668#11608: *115 connect() failed (10061: No connection could be made because the target machine actively refused it) while connecting to upstream, client: 192.168.1.112, server: 127.0.0.1, request: "POST /api/sys/sysEmpUser/addressBook?1=1&appUserId=18182512955_u0i2 HTTP/1.1", upstream: "http://127.0.0.1:8086/web/api/sys/sysEmpUser/addressBook?1=1&appUserId=18182512955_u0i2", host: "192.168.1.112:9991", referrer: "http://localhost:8080/"
2020/12/08 18:36:19 [error] 19264#18596: *491 connect() failed (10061: No connection could be made because the target machine actively refused it) while connecting to upstream, client: 192.168.1.112, server: 127.0.0.1, request: "POST /fxkshApi/cm/cmCustContact/list HTTP/1.1", upstream: "http://127.0.0.1:8980/web/api/cm/cmCustContact/list", host: "192.168.1.112:9990", referrer: "http://127.0.0.1:8848/"
2020/12/09 13:41:12 [emerg] 17812#14516: bind() to 0.0.0.0:8980 failed (10013: An attempt was made to access a socket in a way forbidden by its access permissions)
2020/12/09 13:42:53 [emerg] 10432#6308: bind() to 0.0.0.0:8980 failed (10013: An attempt was made to access a socket in a way forbidden by its access permissions)
2020/12/09 13:44:35 [error] 17164#14008: *9 CreateFile() "E:\HBuilder\nginx-1.16.1\nginx-1.16.1/html/favicon.ico" failed (2: The system cannot find the file specified), client: 127.0.0.1, server: localhost, request: "GET /favicon.ico HTTP/1.1", host: "localhost", referrer: "http://localhost/"
2020/12/09 13:46:02 [emerg] 5392#16888: bind() to 0.0.0.0:8985 failed (10013: An attempt was made to access a socket in a way forbidden by its access permissions)
2020/12/09 13:47:04 [emerg] 14320#18132: bind() to 0.0.0.0:8985 failed (10013: An attempt was made to access a socket in a way forbidden by its access permissions)
2020/12/09 13:47:04 [emerg] 16664#15080: bind() to 0.0.0.0:8985 failed (10013: An attempt was made to access a socket in a way forbidden by its access permissions)
2020/12/09 13:48:00 [error] 14576#16920: *1 "E:\HBuilder\nginx-1.16.1\nginx-1.16.1/html/web/index.html" is not found (3: The system cannot find the path specified), client: 127.0.0.1, server: localhost, request: "GET /web/ HTTP/1.1", host: "localhost"
2020/12/09 13:48:48 [error] 14576#16920: *11 "E:\HBuilder\nginx-1.16.1\nginx-1.16.1/html/web/index.html" is not found (3: The system cannot find the path specified), client: 192.168.1.112, server: localhost, request: "GET /web/ HTTP/1.1", host: "192.168.1.112"
2020/12/09 13:48:48 [error] 14576#16920: *11 CreateFile() "E:\HBuilder\nginx-1.16.1\nginx-1.16.1/html/favicon.ico" failed (2: The system cannot find the file specified), client: 192.168.1.112, server: localhost, request: "GET /favicon.ico HTTP/1.1", host: "192.168.1.112", referrer: "http://192.168.1.112/web/"
2020/12/09 13:49:32 [error] 14576#16920: *15 "E:\HBuilder\nginx-1.16.1\nginx-1.16.1/html/web/index.html" is not found (3: The system cannot find the path specified), client: 127.0.0.1, server: localhost, request: "GET /web/ HTTP/1.1", host: "127.0.0.1"
2020/12/09 13:49:32 [error] 14576#16920: *15 CreateFile() "E:\HBuilder\nginx-1.16.1\nginx-1.16.1/html/favicon.ico" failed (2: The system cannot find the file specified), client: 127.0.0.1, server: localhost, request: "GET /favicon.ico HTTP/1.1", host: "127.0.0.1", referrer: "http://127.0.0.1/web/"
2020/12/09 13:51:38 [emerg] 16304#17980: duplicate location "/fxksh" in E:\HBuilder\nginx-1.16.1\nginx-1.16.1/conf/nginx.conf:259
2020/12/09 13:54:05 [emerg] 15968#18160: duplicate location "/fxksh" in E:\HBuilder\nginx-1.16.1\nginx-1.16.1/conf/nginx.conf:258
2020/12/09 13:55:56 [error] 12140#13908: *4 connect() failed (10061: No connection could be made because the target machine actively refused it) while connecting to upstream, client: 127.0.0.1, server: 127.0.0.1, request: "GET /fx HTTP/1.1", upstream: "http://127.0.0.1:8988/web", host: "localhost:9990"
2020/12/09 13:55:56 [error] 12140#13908: *4 CreateFile() "D:/_tweYjzfFiles/root/favicon.ico" failed (3: The system cannot find the path specified), client: 127.0.0.1, server: 127.0.0.1, request: "GET /favicon.ico HTTP/1.1", host: "localhost:9990", referrer: "http://localhost:9990/fx"
2020/12/09 13:56:59 [error] 16864#18004: *1 "D:/_tweYjzfFiles/root/web/main.html" is not found (3: The system cannot find the path specified), client: 127.0.0.1, server: 127.0.0.1, request: "GET /web/ HTTP/1.1", host: "localhost:9990"
2020/12/09 13:57:07 [error] 16864#18004: *1 "D:/_tweYjzfFiles/root/web/main.html" is not found (3: The system cannot find the path specified), client: 127.0.0.1, server: 127.0.0.1, request: "GET /web/ HTTP/1.1", host: "localhost:9990"
2020/12/09 13:57:43 [error] 16864#18004: *6 "D:/_tweYjzfFiles/root/web/main.html" is not found (3: The system cannot find the path specified), client: 127.0.0.1, server: 127.0.0.1, request: "GET /web/ HTTP/1.1", host: "127.0.0.1:9990"
2020/12/09 13:57:43 [error] 16864#18004: *6 CreateFile() "D:/_tweYjzfFiles/root/favicon.ico" failed (3: The system cannot find the path specified), client: 127.0.0.1, server: 127.0.0.1, request: "GET /favicon.ico HTTP/1.1", host: "127.0.0.1:9990", referrer: "http://127.0.0.1:9990/web/"
2020/12/09 14:03:41 [error] 16864#18004: *9 connect() failed (10061: No connection could be made because the target machine actively refused it) while connecting to upstream, client: 192.168.1.112, server: 127.0.0.1, request: "POST /fxkshApi/cm/cmCustContact/list HTTP/1.1", upstream: "http://127.0.0.1:8980/web/api/cm/cmCustContact/list", host: "192.168.1.112:9990", referrer: "http://127.0.0.1:8848/"
2020/12/09 14:06:53 [error] 16864#18004: *13 connect() failed (10061: No connection could be made because the target machine actively refused it) while connecting to upstream, client: 192.168.1.112, server: 127.0.0.1, request: "POST /fxkshApi/cm/cmCustContact/list HTTP/1.1", upstream: "http://127.0.0.1:8980/web/api/cm/cmCustContact/list", host: "192.168.1.112:9990", referrer: "http://127.0.0.1:9990/"
2020/12/09 18:02:10 [error] 9000#14908: *8244 CreateFile() "D:/_tweYjzfFiles/root/static/images/user2.jpg" failed (3: The system cannot find the path specified), client: 192.168.1.111, server: 127.0.0.1, request: "GET /static/images/user2.jpg?t= HTTP/1.1", host: "192.168.1.112:9990", referrer: "http://192.168.1.112:9990/yjzf/admin/index"
2020/12/09 18:02:57 [error] 9000#14908: *8244 CreateFile() "D:/_tweYjzfFiles/root/static/images/user1.jpg" failed (3: The system cannot find the path specified), client: 192.168.1.111, server: 127.0.0.1, request: "GET /static/images/user1.jpg?t= HTTP/1.1", host: "192.168.1.112:9990", referrer: "http://192.168.1.112:9990/yjzf/admin/index"
2020/12/09 18:12:35 [error] 9000#14908: *8841 CreateFile() "D:/_tweYjzfFiles/root/static/images/user1.jpg" failed (3: The system cannot find the path specified), client: 192.168.1.111, server: 127.0.0.1, request: "GET /static/images/user1.jpg?t= HTTP/1.1", host: "192.168.1.112:9990", referrer: "http://192.168.1.112:9990/yjzf/admin/index"
2020/12/09 18:12:35 [error] 9000#14908: *8841 CreateFile() "D:/_tweYjzfFiles/root/static/images/user1.jpg" failed (3: The system cannot find the path specified), client: 192.168.1.111, server: 127.0.0.1, request: "GET /static/images/user1.jpg?t= HTTP/1.1", host: "192.168.1.112:9990", referrer: "http://192.168.1.112:9990/yjzf/admin/index"
2020/12/09 18:13:56 [error] 9000#14908: *8570 CreateFile() "D:/_tweYjzfFiles/root/static/images/user1.jpg" failed (3: The system cannot find the path specified), client: 192.168.1.111, server: 127.0.0.1, request: "GET /static/images/user1.jpg?t= HTTP/1.1", host: "192.168.1.112:9990", referrer: "http://192.168.1.112:9990/yjzf/admin/index"
2020/12/09 18:13:56 [error] 9000#14908: *8841 CreateFile() "D:/_tweYjzfFiles/root/static/images/user1.jpg" failed (3: The system cannot find the path specified), client: 192.168.1.111, server: 127.0.0.1, request: "GET /static/images/user1.jpg?t= HTTP/1.1", host: "192.168.1.112:9990", referrer: "http://192.168.1.112:9990/yjzf/admin/index"
2020/12/09 18:15:40 [error] 9000#14908: *9091 CreateFile() "D:/_tweYjzfFiles/root/static/images/user2.jpg" failed (3: The system cannot find the path specified), client: 192.168.1.111, server: 127.0.0.1, request: "GET /static/images/user2.jpg?t= HTTP/1.1", host: "192.168.1.112:9990", referrer: "http://192.168.1.112:9990/yjzf/admin/index"
2020/12/09 18:15:40 [error] 9000#14908: *9091 CreateFile() "D:/_tweYjzfFiles/root/static/images/user2.jpg" failed (3: The system cannot find the path specified), client: 192.168.1.111, server: 127.0.0.1, request: "GET /static/images/user2.jpg?t= HTTP/1.1", host: "192.168.1.112:9990", referrer: "http://192.168.1.112:9990/yjzf/admin/index"
2020/12/09 18:18:28 [error] 9000#14908: *9074 CreateFile() "D:/_tweYjzfFiles/root/static/images/user1.jpg" failed (3: The system cannot find the path specified), client: 192.168.1.111, server: 127.0.0.1, request: "GET /static/images/user1.jpg?t= HTTP/1.1", host: "192.168.1.112:9990", referrer: "http://192.168.1.112:9990/yjzf/admin/index"
2020/12/09 18:35:27 [error] 9000#14908: *9622 CreateFile() "D:/_tweYjzfFiles/root/static/images/user1.jpg" failed (3: The system cannot find the path specified), client: 192.168.1.111, server: 127.0.0.1, request: "GET /static/images/user1.jpg?t= HTTP/1.1", host: "192.168.1.112:9990", referrer: "http://192.168.1.112:9990/yjzf/admin/index"
2020/12/09 18:37:20 [error] 9000#14908: *9624 CreateFile() "D:/_tweYjzfFiles/root/static/images/user2.jpg" failed (3: The system cannot find the path specified), client: 192.168.1.111, server: 127.0.0.1, request: "GET /static/images/user2.jpg?t= HTTP/1.1", host: "192.168.1.112:9990", referrer: "http://192.168.1.112:9990/yjzf/admin/index"
2020/12/09 18:37:58 [error] 9000#14908: *9623 CreateFile() "D:/_tweYjzfFiles/root/static/images/user1.jpg" failed (3: The system cannot find the path specified), client: 192.168.1.111, server: 127.0.0.1, request: "GET /static/images/user1.jpg?t= HTTP/1.1", host: "192.168.1.112:9990", referrer: "http://192.168.1.112:9990/yjzf/admin/index"
2020/12/09 18:38:41 [error] 9000#14908: *9623 CreateFile() "D:/_tweYjzfFiles/root/static/images/user2.jpg" failed (3: The system cannot find the path specified), client: 192.168.1.111, server: 127.0.0.1, request: "GET /static/images/user2.jpg?t= HTTP/1.1", host: "192.168.1.112:9990", referrer: "http://192.168.1.112:9990/yjzf/admin/index"
2020/12/09 18:39:38 [error] 9000#14908: *9828 CreateFile() "D:/_tweYjzfFiles/root/static/images/user1.jpg" failed (3: The system cannot find the path specified), client: 192.168.1.111, server: 127.0.0.1, request: "GET /static/images/user1.jpg?t= HTTP/1.1", host: "192.168.1.112:9990", referrer: "http://192.168.1.112:9990/yjzf/admin/index"
2020/12/09 18:40:35 [error] 9000#14908: *9828 CreateFile() "D:/_tweYjzfFiles/root/static/images/user2.jpg" failed (3: The system cannot find the path specified), client: 192.168.1.111, server: 127.0.0.1, request: "GET /static/images/user2.jpg?t= HTTP/1.1", host: "192.168.1.112:9990", referrer: "http://192.168.1.112:9990/yjzf/admin/index"
2020/12/09 18:41:04 [error] 9000#14908: *9688 CreateFile() "D:/_tweYjzfFiles/root/static/images/user1.jpg" failed (3: The system cannot find the path specified), client: 192.168.1.111, server: 127.0.0.1, request: "GET /static/images/user1.jpg?t= HTTP/1.1", host: "192.168.1.112:9990", referrer: "http://192.168.1.112:9990/yjzf/admin/index"
2020/12/09 18:42:26 [error] 9000#14908: *9688 CreateFile() "D:/_tweYjzfFiles/root/static/images/user2.jpg" failed (3: The system cannot find the path specified), client: 192.168.1.111, server: 127.0.0.1, request: "GET /static/images/user2.jpg?t= HTTP/1.1", host: "192.168.1.112:9990", referrer: "http://192.168.1.112:9990/yjzf/admin/index"
2020/12/09 18:45:41 [error] 9000#14908: *10024 CreateFile() "D:/_tweYjzfFiles/root/static/images/user1.jpg" failed (3: The system cannot find the path specified), client: 192.168.1.111, server: 127.0.0.1, request: "GET /static/images/user1.jpg?t= HTTP/1.1", host: "192.168.1.112:9990", referrer: "http://192.168.1.112:9990/yjzf/admin/index"
2020/12/09 18:50:06 [error] 9000#14908: *10122 CreateFile() "D:/_tweYjzfFiles/root/static/images/user1.jpg" failed (3: The system cannot find the path specified), client: 192.168.1.111, server: 127.0.0.1, request: "GET /static/images/user1.jpg?t= HTTP/1.1", host: "192.168.1.112:9990", referrer: "http://192.168.1.112:9990/yjzf/admin/index"
2020/12/09 18:50:06 [error] 9000#14908: *10122 CreateFile() "D:/_tweYjzfFiles/root/static/images/user1.jpg" failed (3: The system cannot find the path specified), client: 192.168.1.111, server: 127.0.0.1, request: "GET /static/images/user1.jpg?t= HTTP/1.1", host: "192.168.1.112:9990", referrer: "http://192.168.1.112:9990/yjzf/admin/index"
2020/12/09 18:50:31 [error] 9000#14908: *10140 CreateFile() "D:/_tweYjzfFiles/root/static/images/user1.jpg" failed (3: The system cannot find the path specified), client: 192.168.1.111, server: 127.0.0.1, request: "GET /static/images/user1.jpg?t= HTTP/1.1", host: "192.168.1.112:9990", referrer: "http://192.168.1.112:9990/yjzf/admin/index"
2020/12/09 18:50:31 [error] 9000#14908: *10122 CreateFile() "D:/_tweYjzfFiles/root/static/images/user1.jpg" failed (3: The system cannot find the path specified), client: 192.168.1.111, server: 127.0.0.1, request: "GET /static/images/user1.jpg?t= HTTP/1.1", host: "192.168.1.112:9990", referrer: "http://192.168.1.112:9990/yjzf/admin/index"
2020/12/09 18:56:26 [error] 9000#14908: *10160 CreateFile() "D:/_tweYjzfFiles/root/static/images/user2.jpg" failed (3: The system cannot find the path specified), client: 192.168.1.111, server: 127.0.0.1, request: "GET /static/images/user2.jpg?t= HTTP/1.1", host: "192.168.1.112:9990", referrer: "http://192.168.1.112:9990/yjzf/admin/index"
2020/12/09 19:32:46 [error] 9000#14908: *11951 CreateFile() "D:/_tweYjzfFiles/root/static/images/user1.jpg" failed (3: The system cannot find the path specified), client: 192.168.1.111, server: 127.0.0.1, request: "GET /static/images/user1.jpg?t= HTTP/1.1", host: "192.168.1.112:9990", referrer: "http://192.168.1.112:9990/yjzf/admin/index"
2020/12/10 08:56:04 [error] 1500#7524: *1 CreateFile() "D:/_tweYjzfFiles/root/favicon.ico" failed (3: The system cannot find the path specified), client: 192.168.1.112, server: 127.0.0.1, request: "GET /favicon.ico HTTP/1.1", host: "192.168.1.112:9990", referrer: "http://192.168.1.112:9990/fxksh/index.html"
2020/12/10 08:59:15 [error] 1500#7524: *19 CreateFile() "D:/_tweYjzfFiles/root/favicon.ico" failed (3: The system cannot find the path specified), client: 127.0.0.1, server: 127.0.0.1, request: "GET /favicon.ico HTTP/1.1", host: "127.0.0.1:9990", referrer: "http://127.0.0.1:9990/fxKsh/index.html"
2020/12/10 13:54:50 [error] 1500#7524: *1036 connect() failed (10061: No connection could be made because the target machine actively refused it) while connecting to upstream, client: 192.168.1.113, server: 127.0.0.1, request: "GET /yjzf/admin/login?__url=http%3A%2F%2F192.168.1.183%3A9990%2Fyjzf%2Fadmin%2Findex HTTP/1.1", upstream: "http://127.0.0.1:8082/yjzf/admin/login?__url=http%3A%2F%2F192.168.1.183%3A9990%2Fyjzf%2Fadmin%2Findex", host: "192.168.1.112:9990"
2020/12/10 13:54:50 [error] 1500#7524: *1036 CreateFile() "D:/_tweYjzfFiles/root/favicon.ico" failed (3: The system cannot find the path specified), client: 192.168.1.113, server: 127.0.0.1, request: "GET /favicon.ico HTTP/1.1", host: "192.168.1.112:9990", referrer: "http://192.168.1.112:9990/yjzf/admin/login?__url=http%3A%2F%2F192.168.1.183%3A9990%2Fyjzf%2Fadmin%2Findex"
2020/12/10 13:54:59 [error] 1500#7524: *1036 connect() failed (10061: No connection could be made because the target machine actively refused it) while connecting to upstream, client: 192.168.1.113, server: 127.0.0.1, request: "GET /yjzf/admin/login?__url=http%3A%2F%2F192.168.1.183%3A9990%2Fyjzf%2Fadmin%2Findex HTTP/1.1", upstream: "http://127.0.0.1:8082/yjzf/admin/login?__url=http%3A%2F%2F192.168.1.183%3A9990%2Fyjzf%2Fadmin%2Findex", host: "192.168.1.112:9990"
2020/12/10 14:36:25 [error] 1500#7524: *1127 CreateFile() "E:\HBuilder\nginx-1.16.1\nginx-1.16.1/html/:9990/fxKsh/index.html" failed (2: The system cannot find the file specified), client: 192.168.1.112, server: localhost, request: "GET /:9990/fxKsh/index.html HTTP/1.1", host: "192.168.1.112"
2020/12/10 14:36:26 [error] 1500#7524: *1127 CreateFile() "E:\HBuilder\nginx-1.16.1\nginx-1.16.1/html/favicon.ico" failed (2: The system cannot find the file specified), client: 192.168.1.112, server: localhost, request: "GET /favicon.ico HTTP/1.1", host: "192.168.1.112", referrer: "http://192.168.1.112/:9990/fxKsh/index.html"
2020/12/10 14:37:20 [error] 1500#7524: *1127 CreateFile() "E:\HBuilder\nginx-1.16.1\nginx-1.16.1/html/:9990/fxKsh/index.html" failed (2: The system cannot find the file specified), client: 192.168.1.112, server: localhost, request: "GET /:9990/fxKsh/index.html HTTP/1.1", host: "192.168.1.112"
2020/12/10 15:09:35 [error] 1500#7524: *1215 connect() failed (10060: A connection attempt failed because the connected party did not properly respond after a period of time, or established connection failed because connected host has failed to respond) while connecting to upstream, client: 127.0.0.1, server: 127.0.0.1, request: "GET /yjzfFiles//avatar/0/gov/21282704119742378c54b866a2c9ff05.png?t= HTTP/1.1", upstream: "http://192.168.1.125:9990/yjzfFiles//avatar/0/gov/21282704119742378c54b866a2c9ff05.png?t=", host: "localhost:9990", referrer: "http://localhost:9990/yjzf/admin/index"
2020/12/10 15:36:30 [error] 1500#7524: *1358 connect() failed (10060: A connection attempt failed because the connected party did not properly respond after a period of time, or established connection failed because connected host has failed to respond) while connecting to upstream, client: 127.0.0.1, server: 127.0.0.1, request: "GET /yjzfFiles//avatar/0/gov/21282704119742378c54b866a2c9ff05.png?t= HTTP/1.1", upstream: "http://192.168.1.125:9990/yjzfFiles//avatar/0/gov/21282704119742378c54b866a2c9ff05.png?t=", host: "localhost:9990", referrer: "http://localhost:9990/yjzf/admin/index"
2020/12/10 15:37:29 [error] 1500#7524: *1358 connect() failed (10060: A connection attempt failed because the connected party did not properly respond after a period of time, or established connection failed because connected host has failed to respond) while connecting to upstream, client: 127.0.0.1, server: 127.0.0.1, request: "GET /yjzfFiles//avatar/0/gov/21282704119742378c54b866a2c9ff05.png?t= HTTP/1.1", upstream: "http://192.168.1.125:9990/yjzfFiles//avatar/0/gov/21282704119742378c54b866a2c9ff05.png?t=", host: "localhost:9990", referrer: "http://localhost:9990/yjzf/admin/index"
2020/12/10 15:54:29 [error] 1500#7524: *1359 connect() failed (10060: A connection attempt failed because the connected party did not properly respond after a period of time, or established connection failed because connected host has failed to respond) while connecting to upstream, client: 127.0.0.1, server: 127.0.0.1, request: "GET /yjzfFiles//avatar/0/gov/21282704119742378c54b866a2c9ff05.png?t= HTTP/1.1", upstream: "http://192.168.1.125:9990/yjzfFiles//avatar/0/gov/21282704119742378c54b866a2c9ff05.png?t=", host: "localhost:9990", referrer: "http://localhost:9990/yjzf/admin/index"
2020/12/10 16:46:15 [error] 1500#7524: *1710 CreateFile() "D:/_tweYjzfFiles/root/favicon.ico" failed (3: The system cannot find the path specified), client: 192.168.1.120, server: 127.0.0.1, request: "GET /favicon.ico HTTP/1.1", host: "192.168.1.112:9990", referrer: "http://192.168.1.112:9990/fxksh/index.html"
2020/12/10 16:58:53 [error] 1500#7524: *1735 upstream timed out (10060: A connection attempt failed because the connected party did not properly respond after a period of time, or established connection failed because connected host has failed to respond) while reading response header from upstream, client: 127.0.0.1, server: 127.0.0.1, request: "POST /yjzf/admin/login HTTP/1.1", upstream: "http://127.0.0.1:8082/yjzf/admin/login", host: "localhost:9990", referrer: "http://localhost:9990/yjzf/admin/login?__url=http%3A%2F%2Flocalhost%3A9990%2Fyjzf%2Fadmin%2Findex"
2020/12/10 17:00:17 [error] 1500#7524: *1750 connect() failed (10060: A connection attempt failed because the connected party did not properly respond after a period of time, or established connection failed because connected host has failed to respond) while connecting to upstream, client: 127.0.0.1, server: 127.0.0.1, request: "GET /yjzfFiles//avatar/0/gov/21282704119742378c54b866a2c9ff05.png?t= HTTP/1.1", upstream: "http://192.168.1.125:9990/yjzfFiles//avatar/0/gov/21282704119742378c54b866a2c9ff05.png?t=", host: "localhost:9990", referrer: "http://localhost:9990/yjzf/admin/index"
2020/12/10 19:35:00 [error] 1500#7524: *1821 connect() failed (10061: No connection could be made because the target machine actively refused it) while connecting to upstream, client: 192.168.1.120, server: 127.0.0.1, request: "POST /fxkshApi/cm/cmCustContact/list HTTP/1.1", upstream: "http://127.0.0.1:8985/web/api/cm/cmCustContact/list", host: "192.168.1.112:9990", referrer: "http://192.168.1.112:9990/fxksh/index.html"
2020/12/10 19:35:00 [error] 1500#7524: *1823 connect() failed (10061: No connection could be made because the target machine actively refused it) while connecting to upstream, client: 192.168.1.120, server: 127.0.0.1, request: "POST /fxkshApi/cm/cmCustContact/list HTTP/1.1", upstream: "http://127.0.0.1:8985/web/api/cm/cmCustContact/list", host: "192.168.1.112:9990", referrer: "http://192.168.1.112:9990/fxksh/index.html"
2020/12/10 19:35:02 [error] 1500#7524: *1821 connect() failed (10061: No connection could be made because the target machine actively refused it) while connecting to upstream, client: 192.168.1.120, server: 127.0.0.1, request: "POST /fxkshApi/sys/riskPointType/list HTTP/1.1", upstream: "http://127.0.0.1:8985/web/api/sys/riskPointType/list", host: "192.168.1.112:9990", referrer: "http://192.168.1.112:9990/fxksh/index.html"
2020/12/10 21:08:24 [error] 1500#7524: *1828 connect() failed (10061: No connection could be made because the target machine actively refused it) while connecting to upstream, client: 192.168.1.120, server: 127.0.0.1, request: "POST /fxkshApi/cm/cmCustContact/list HTTP/1.1", upstream: "http://127.0.0.1:8985/web/api/cm/cmCustContact/list", host: "192.168.1.112:9990", referrer: "http://192.168.1.112:9990/fxksh/index.html"
2020/12/10 21:08:24 [error] 1500#7524: *1830 connect() failed (10061: No connection could be made because the target machine actively refused it) while connecting to upstream, client: 192.168.1.120, server: 127.0.0.1, request: "POST /fxkshApi/cm/cmCustContact/list HTTP/1.1", upstream: "http://127.0.0.1:8985/web/api/cm/cmCustContact/list", host: "192.168.1.112:9990", referrer: "http://192.168.1.112:9990/fxksh/index.html"
2020/12/10 21:08:26 [error] 1500#7524: *1830 connect() failed (10061: No connection could be made because the target machine actively refused it) while connecting to upstream, client: 192.168.1.120, server: 127.0.0.1, request: "POST /fxkshApi/sys/riskPointType/list HTTP/1.1", upstream: "http://127.0.0.1:8985/web/api/sys/riskPointType/list", host: "192.168.1.112:9990", referrer: "http://192.168.1.112:9990/fxksh/index.html"
2020/12/11 09:56:29 [error] 12736#1312: *2 CreateFile() "D:/_tweYjzfFiles/root/favicon.ico" failed (3: The system cannot find the path specified), client: 127.0.0.1, server: 127.0.0.1, request: "GET /favicon.ico HTTP/1.1", host: "127.0.0.1:9990", referrer: "http://127.0.0.1:9990/fxKsh/index.html"
2020/12/11 09:56:42 [error] 12736#1312: *9 CreateFile() "D:/_tweYjzfFiles/root/favicon.ico" failed (3: The system cannot find the path specified), client: 192.168.1.112, server: 127.0.0.1, request: "GET /favicon.ico HTTP/1.1", host: "192.168.1.112:9990", referrer: "http://192.168.1.112:9990/fxkshApi/cm/cmCustContact/list"
2020/12/11 15:19:36 [error] 12736#1312: *343 connect() failed (10061: No connection could be made because the target machine actively refused it) while connecting to upstream, client: 192.168.1.112, server: 127.0.0.1, request: "POST /fxkshApi/cm/cmCustContact/list HTTP/1.1", upstream: "http://127.0.0.1:8985/web/api/cm/cmCustContact/list", host: "192.168.1.112:9990", referrer: "http://192.168.1.112:9990/fxksh/index.html"
2020/12/11 15:19:36 [error] 12736#1312: *342 connect() failed (10061: No connection could be made because the target machine actively refused it) while connecting to upstream, client: 192.168.1.112, server: 127.0.0.1, request: "POST /fxkshApi/cm/cmCustContact/list HTTP/1.1", upstream: "http://127.0.0.1:8985/web/api/cm/cmCustContact/list", host: "192.168.1.112:9990", referrer: "http://192.168.1.112:9990/fxksh/index.html"
2020/12/11 15:19:36 [error] 12736#1312: *346 connect() failed (10061: No connection could be made because the target machine actively refused it) while connecting to upstream, client: 192.168.1.112, server: 127.0.0.1, request: "POST /fxkshApi/sys/riskPointType/list HTTP/1.1", upstream: "http://127.0.0.1:8985/web/api/sys/riskPointType/list", host: "192.168.1.112:9990", referrer: "http://192.168.1.112:9990/fxksh/index.html"
2020/12/13 14:34:21 [error] 12348#17076: *2 CreateFile() "D:/_tweYjzfFiles/root/favicon.ico" failed (3: The system cannot find the path specified), client: 127.0.0.1, server: 127.0.0.1, request: "GET /favicon.ico HTTP/1.1", host: "localhost:9990", referrer: "http://localhost:9990/fxksh/"
2020/12/13 14:34:56 [error] 12348#17076: *10 CreateFile() "D:/_tweYjzfFiles/root/favicon.ico" failed (3: The system cannot find the path specified), client: 192.168.1.112, server: 127.0.0.1, request: "GET /favicon.ico HTTP/1.1", host: "192.168.1.112:9990", referrer: "http://192.168.1.112:9990/fxkshApi/cm/cmCustContact/list"
2020/12/23 18:16:02 [error] 21544#19472: *50 CreateFile() "D:/_yj3mFiles/root/favicon.ico" failed (3: The system cannot find the path specified), client: 192.168.1.107, server: 127.0.0.1, request: "GET /favicon.ico HTTP/1.1", host: "192.168.1.112:9991", referrer: "http://192.168.1.112:9991/web/api/km/kmLaw/list?1=1&appUserId=18182512955_u0i2&pageNo=1&lawType=1&keyword=&appNanoTime=34414093503700&appToken=c7ed61836f41693bf39a7473de28219e"
2020/12/23 18:44:01 [error] 21544#19472: *58 upstream timed out (10060: A connection attempt failed because the connected party did not properly respond after a period of time, or established connection failed because connected host has failed to respond) while reading response header from upstream, client: 127.0.0.1, server: 127.0.0.1, request: "GET /yjzf/admin/sys/online/count?__notUpdateSession=true&__t=1608720181112 HTTP/1.1", upstream: "http://127.0.0.1:8082/yjzf/admin/sys/online/count?__notUpdateSession=true&__t=1608720181112", host: "localhost:9990", referrer: "http://localhost:9990/yjzf/admin/index"
2020/12/23 18:44:01 [error] 21544#19472: *288 upstream timed out (10060: A connection attempt failed because the connected party did not properly respond after a period of time, or established connection failed because connected host has failed to respond) while reading response header from upstream, client: 127.0.0.1, server: 127.0.0.1, request: "GET /yjzf/admin/msg/pullPoolMsg?__notUpdateSession=true&__t=1608720181834 HTTP/1.1", upstream: "http://127.0.0.1:8082/yjzf/admin/msg/pullPoolMsg?__notUpdateSession=true&__t=1608720181834", host: "localhost:9990", referrer: "http://localhost:9990/yjzf/admin/index"
2020/12/23 18:45:01 [error] 21544#19472: *288 upstream timed out (10060: A connection attempt failed because the connected party did not properly respond after a period of time, or established connection failed because connected host has failed to respond) while reading response header from upstream, client: 127.0.0.1, server: 127.0.0.1, request: "GET /yjzf/admin/msg/pullPoolMsg?__notUpdateSession=true&__t=1608720241834 HTTP/1.1", upstream: "http://127.0.0.1:8082/yjzf/admin/msg/pullPoolMsg?__notUpdateSession=true&__t=1608720241834", host: "localhost:9990", referrer: "http://localhost:9990/yjzf/admin/index"
2020/12/23 18:46:01 [error] 21544#19472: *58 upstream timed out (10060: A connection attempt failed because the connected party did not properly respond after a period of time, or established connection failed because connected host has failed to respond) while reading response header from upstream, client: 127.0.0.1, server: 127.0.0.1, request: "GET /yjzf/admin/msg/pullPoolMsg?__notUpdateSession=true&__t=1608720301834 HTTP/1.1", upstream: "http://127.0.0.1:8082/yjzf/admin/msg/pullPoolMsg?__notUpdateSession=true&__t=1608720301834", host: "localhost:9990", referrer: "http://localhost:9990/yjzf/admin/index"
2020/12/23 18:47:01 [error] 21544#19472: *288 upstream timed out (10060: A connection attempt failed because the connected party did not properly respond after a period of time, or established connection failed because connected host has failed to respond) while reading response header from upstream, client: 127.0.0.1, server: 127.0.0.1, request: "GET /yjzf/admin/sys/online/count?__notUpdateSession=true&__t=1608720361114 HTTP/1.1", upstream: "http://127.0.0.1:8082/yjzf/admin/sys/online/count?__notUpdateSession=true&__t=1608720361114", host: "localhost:9990", referrer: "http://localhost:9990/yjzf/admin/index"
2020/12/23 18:47:01 [error] 21544#19472: *295 upstream timed out (10060: A connection attempt failed because the connected party did not properly respond after a period of time, or established connection failed because connected host has failed to respond) while reading response header from upstream, client: 127.0.0.1, server: 127.0.0.1, request: "GET /yjzf/admin/msg/pullPoolMsg?__notUpdateSession=true&__t=1608720361835 HTTP/1.1", upstream: "http://127.0.0.1:8082/yjzf/admin/msg/pullPoolMsg?__notUpdateSession=true&__t=1608720361835", host: "localhost:9990", referrer: "http://localhost:9990/yjzf/admin/index"
2020/12/23 18:48:01 [error] 21544#19472: *288 upstream timed out (10060: A connection attempt failed because the connected party did not properly respond after a period of time, or established connection failed because connected host has failed to respond) while reading response header from upstream, client: 127.0.0.1, server: 127.0.0.1, request: "GET /yjzf/admin/msg/pullPoolMsg?__notUpdateSession=true&__t=1608720421836 HTTP/1.1", upstream: "http://127.0.0.1:8082/yjzf/admin/msg/pullPoolMsg?__notUpdateSession=true&__t=1608720421836", host: "localhost:9990", referrer: "http://localhost:9990/yjzf/admin/index"
2020/12/23 18:49:01 [error] 21544#19472: *295 upstream timed out (10060: A connection attempt failed because the connected party did not properly respond after a period of time, or established connection failed because connected host has failed to respond) while reading response header from upstream, client: 127.0.0.1, server: 127.0.0.1, request: "GET /yjzf/admin/msg/pullPoolMsg?__notUpdateSession=true&__t=1608720481836 HTTP/1.1", upstream: "http://127.0.0.1:8082/yjzf/admin/msg/pullPoolMsg?__notUpdateSession=true&__t=1608720481836", host: "localhost:9990", referrer: "http://localhost:9990/yjzf/admin/index"
2020/12/23 20:22:11 [error] 21544#19472: *443 CreateFile() "D:/_tweYjzfFiles/root/favicon.ico" failed (3: The system cannot find the path specified), client: 192.168.1.112, server: 127.0.0.1, request: "GET /favicon.ico HTTP/1.1", host: "192.168.1.112:9990", referrer: "http://192.168.1.112:9990/yjzf/api/v2/ent/entFenchen/get?1=1&entId=9af7c746b8bd49c2a432dea472d7de11"
2020/12/23 20:24:24 [error] 21544#19472: *448 connect() failed (10061: No connection could be made because the target machine actively refused it) while connecting to upstream, client: 192.168.1.107, server: 127.0.0.1, request: "GET /yjzf/api/v2/ent/entGangtie/get?1=1&entId=9af7c746b8bd49c2a432dea472d7de11 HTTP/1.1", upstream: "http://127.0.0.1:8082/yjzf/api/v2/ent/entGangtie/get?1=1&entId=9af7c746b8bd49c2a432dea472d7de11", host: "192.168.1.112:9990", referrer: "http://localhost:8080/"
2020/12/23 20:25:03 [error] 21544#19472: *400 connect() failed (10061: No connection could be made because the target machine actively refused it) while connecting to upstream, client: 127.0.0.1, server: 127.0.0.1, request: "GET /yjzf/admin/sys/online/count?__notUpdateSession=true&__t=1608726301130 HTTP/1.1", upstream: "http://127.0.0.1:8082/yjzf/admin/sys/online/count?__notUpdateSession=true&__t=1608726301130", host: "localhost:9990", referrer: "http://localhost:9990/yjzf/admin/index"
2020/12/23 20:25:04 [error] 21544#19472: *453 connect() failed (10061: No connection could be made because the target machine actively refused it) while connecting to upstream, client: 127.0.0.1, server: 127.0.0.1, request: "GET /yjzf/admin/msg/pullPoolMsg?__notUpdateSession=true&__t=1608726302175 HTTP/1.1", upstream: "http://127.0.0.1:8082/yjzf/admin/msg/pullPoolMsg?__notUpdateSession=true&__t=1608726302175", host: "localhost:9990", referrer: "http://localhost:9990/yjzf/admin/index"
2020/12/23 20:25:27 [error] 21544#19472: *448 connect() failed (10061: No connection could be made because the target machine actively refused it) while connecting to upstream, client: 192.168.1.107, server: 127.0.0.1, request: "GET /yjzf/api/v2/ent/entGangtie/get?1=1&entId=9af7c746b8bd49c2a432dea472d7de11 HTTP/1.1", upstream: "http://127.0.0.1:8082/yjzf/api/v2/ent/entGangtie/get?1=1&entId=9af7c746b8bd49c2a432dea472d7de11", host: "192.168.1.112:9990", referrer: "http://localhost:8080/"
2020/12/23 20:26:04 [error] 21544#19472: *400 connect() failed (10061: No connection could be made because the target machine actively refused it) while connecting to upstream, client: 127.0.0.1, server: 127.0.0.1, request: "GET /yjzf/admin/msg/pullPoolMsg?__notUpdateSession=true&__t=1608726362176 HTTP/1.1", upstream: "http://127.0.0.1:8082/yjzf/admin/msg/pullPoolMsg?__notUpdateSession=true&__t=1608726362176", host: "localhost:9990", referrer: "http://localhost:9990/yjzf/admin/index"
2020/12/23 20:27:04 [error] 21544#19472: *400 connect() failed (10061: No connection could be made because the target machine actively refused it) while connecting to upstream, client: 127.0.0.1, server: 127.0.0.1, request: "GET /yjzf/admin/msg/pullPoolMsg?__notUpdateSession=true&__t=1608726422177 HTTP/1.1", upstream: "http://127.0.0.1:8082/yjzf/admin/msg/pullPoolMsg?__notUpdateSession=true&__t=1608726422177", host: "localhost:9990", referrer: "http://localhost:9990/yjzf/admin/index"
2020/12/23 20:28:03 [error] 21544#19472: *400 connect() failed (10061: No connection could be made because the target machine actively refused it) while connecting to upstream, client: 127.0.0.1, server: 127.0.0.1, request: "GET /yjzf/admin/sys/online/count?__notUpdateSession=true&__t=1608726481130 HTTP/1.1", upstream: "http://127.0.0.1:8082/yjzf/admin/sys/online/count?__notUpdateSession=true&__t=1608726481130", host: "localhost:9990", referrer: "http://localhost:9990/yjzf/admin/index"
2020/12/23 20:28:04 [error] 21544#19472: *459 connect() failed (10061: No connection could be made because the target machine actively refused it) while connecting to upstream, client: 127.0.0.1, server: 127.0.0.1, request: "GET /yjzf/admin/msg/pullPoolMsg?__notUpdateSession=true&__t=1608726482176 HTTP/1.1", upstream: "http://127.0.0.1:8082/yjzf/admin/msg/pullPoolMsg?__notUpdateSession=true&__t=1608726482176", host: "localhost:9990", referrer: "http://localhost:9990/yjzf/admin/index"
2020/12/23 20:29:04 [error] 21544#19472: *400 connect() failed (10061: No connection could be made because the target machine actively refused it) while connecting to upstream, client: 127.0.0.1, server: 127.0.0.1, request: "GET /yjzf/admin/msg/pullPoolMsg?__notUpdateSession=true&__t=1608726542178 HTTP/1.1", upstream: "http://127.0.0.1:8082/yjzf/admin/msg/pullPoolMsg?__notUpdateSession=true&__t=1608726542178", host: "localhost:9990", referrer: "http://localhost:9990/yjzf/admin/index"
2020/12/23 20:30:04 [error] 21544#19472: *400 connect() failed (10061: No connection could be made because the target machine actively refused it) while connecting to upstream, client: 127.0.0.1, server: 127.0.0.1, request: "GET /yjzf/admin/msg/pullPoolMsg?__notUpdateSession=true&__t=1608726602180 HTTP/1.1", upstream: "http://127.0.0.1:8082/yjzf/admin/msg/pullPoolMsg?__notUpdateSession=true&__t=1608726602180", host: "localhost:9990", referrer: "http://localhost:9990/yjzf/admin/index"
2020/12/23 20:31:03 [error] 21544#19472: *400 connect() failed (10061: No connection could be made because the target machine actively refused it) while connecting to upstream, client: 127.0.0.1, server: 127.0.0.1, request: "GET /yjzf/admin/sys/online/count?__notUpdateSession=true&__t=1608726661130 HTTP/1.1", upstream: "http://127.0.0.1:8082/yjzf/admin/sys/online/count?__notUpdateSession=true&__t=1608726661130", host: "localhost:9990", referrer: "http://localhost:9990/yjzf/admin/index"
2020/12/23 20:31:04 [error] 21544#19472: *464 connect() failed (10061: No connection could be made because the target machine actively refused it) while connecting to upstream, client: 127.0.0.1, server: 127.0.0.1, request: "GET /yjzf/admin/msg/pullPoolMsg?__notUpdateSession=true&__t=1608726662180 HTTP/1.1", upstream: "http://127.0.0.1:8082/yjzf/admin/msg/pullPoolMsg?__notUpdateSession=true&__t=1608726662180", host: "localhost:9990", referrer: "http://localhost:9990/yjzf/admin/index"
2020/12/23 20:42:04 [error] 21544#19472: *400 connect() failed (10061: No connection could be made because the target machine actively refused it) while connecting to upstream, client: 127.0.0.1, server: 127.0.0.1, request: "GET /yjzf/admin/msg/pullPoolMsg?__notUpdateSession=true&__t=1608727322183 HTTP/1.1", upstream: "http://127.0.0.1:8082/yjzf/admin/msg/pullPoolMsg?__notUpdateSession=true&__t=1608727322183", host: "localhost:9990", referrer: "http://localhost:9990/yjzf/admin/index"
2020/12/23 20:52:03 [error] 21544#19472: *400 connect() failed (10061: No connection could be made because the target machine actively refused it) while connecting to upstream, client: 127.0.0.1, server: 127.0.0.1, request: "GET /yjzf/admin/sys/online/count?__notUpdateSession=true&__t=1608727921132 HTTP/1.1", upstream: "http://127.0.0.1:8082/yjzf/admin/sys/online/count?__notUpdateSession=true&__t=1608727921132", host: "localhost:9990", referrer: "http://localhost:9990/yjzf/admin/index"
2020/12/23 20:52:04 [error] 21544#19472: *871 connect() failed (10061: No connection could be made because the target machine actively refused it) while connecting to upstream, client: 127.0.0.1, server: 127.0.0.1, request: "GET /yjzf/admin/msg/pullPoolMsg?__notUpdateSession=true&__t=1608727922187 HTTP/1.1", upstream: "http://127.0.0.1:8082/yjzf/admin/msg/pullPoolMsg?__notUpdateSession=true&__t=1608727922187", host: "localhost:9990", referrer: "http://localhost:9990/yjzf/admin/index"
2020/12/23 20:56:31 [error] 21544#19472: *932 upstream timed out (10060: A connection attempt failed because the connected party did not properly respond after a period of time, or established connection failed because connected host has failed to respond) while reading response header from upstream, client: 192.168.1.107, server: 127.0.0.1, request: "GET /yjzf/api/v2/ent/entGangtie/get?1=1&entId=9af7c746b8bd49c2a432dea472d7de11 HTTP/1.1", upstream: "http://127.0.0.1:8082/yjzf/api/v2/ent/entGangtie/get?1=1&entId=9af7c746b8bd49c2a432dea472d7de11", host: "192.168.1.112:9990", referrer: "http://localhost:8080/"
2020/12/23 20:57:02 [error] 21544#19472: *400 upstream timed out (10060: A connection attempt failed because the connected party did not properly respond after a period of time, or established connection failed because connected host has failed to respond) while reading response header from upstream, client: 127.0.0.1, server: 127.0.0.1, request: "GET /yjzf/admin/msg/pullPoolMsg?__notUpdateSession=true&__t=1608728162191 HTTP/1.1", upstream: "http://127.0.0.1:8082/yjzf/admin/msg/pullPoolMsg?__notUpdateSession=true&__t=1608728162191", host: "localhost:9990", referrer: "http://localhost:9990/yjzf/admin/index"
2020/12/23 20:58:03 [error] 21544#19472: *400 connect() failed (10061: No connection could be made because the target machine actively refused it) while connecting to upstream, client: 127.0.0.1, server: 127.0.0.1, request: "GET /yjzf/admin/sys/online/count?__notUpdateSession=true&__t=1608728281134 HTTP/1.1", upstream: "http://127.0.0.1:8082/yjzf/admin/sys/online/count?__notUpdateSession=true&__t=1608728281134", host: "localhost:9990", referrer: "http://localhost:9990/yjzf/admin/index"
2020/12/23 20:58:04 [error] 21544#19472: *937 connect() failed (10061: No connection could be made because the target machine actively refused it) while connecting to upstream, client: 127.0.0.1, server: 127.0.0.1, request: "GET /yjzf/admin/msg/pullPoolMsg?__notUpdateSession=true&__t=1608728282193 HTTP/1.1", upstream: "http://127.0.0.1:8082/yjzf/admin/msg/pullPoolMsg?__notUpdateSession=true&__t=1608728282193", host: "localhost:9990", referrer: "http://localhost:9990/yjzf/admin/index"
2020/12/23 21:11:26 [error] 21544#19472: *1020 "D:/_yj3mFiles/root/fxksh/main.html" is not found (3: The system cannot find the path specified), client: 192.168.1.112, server: 127.0.0.1, request: "GET /fxksh/ HTTP/1.1", host: "192.168.1.112:9991"
2020/12/23 21:11:26 [error] 21544#19472: *1020 CreateFile() "D:/_yj3mFiles/root/favicon.ico" failed (3: The system cannot find the path specified), client: 192.168.1.112, server: 127.0.0.1, request: "GET /favicon.ico HTTP/1.1", host: "192.168.1.112:9991", referrer: "http://192.168.1.112:9991/fxksh/"
2020/12/23 21:11:33 [error] 21544#19472: *1021 CreateFile() "D:/_tweYjzfFiles/root/favicon.ico" failed (3: The system cannot find the path specified), client: 192.168.1.112, server: 127.0.0.1, request: "GET /favicon.ico HTTP/1.1", host: "192.168.1.112:9990", referrer: "http://192.168.1.112:9990/fxksh/"
2020/12/23 21:36:33 [error] 21544#19472: *1036 CreateFile() "E:\HBuilder\nginx-1.16.1\nginx-1.16.1/html/favicon.ico" failed (2: The system cannot find the file specified), client: 127.0.0.1, server: localhost, request: "GET /favicon.ico HTTP/1.1", host: "localhost"
2020/12/24 09:44:10 [error] 6132#9100: *161 connect() failed (10061: No connection could be made because the target machine actively refused it) while connecting to upstream, client: 192.168.1.101, server: 127.0.0.1, request: "POST /yjzfApi/api/v2/pl/plPlanMaster/list HTTP/1.1", upstream: "http://127.0.0.1:8082/yjzf/api/v2/pl/plPlanMaster/list", host: "192.168.1.112:9990"
2020/12/24 09:46:23 [error] 6132#9100: *163 connect() failed (10061: No connection could be made because the target machine actively refused it) while connecting to upstream, client: 192.168.1.107, server: 127.0.0.1, request: "GET /yjzf/api/v2/ent/entFenchen/listDictionaries?1=1 HTTP/1.1", upstream: "http://127.0.0.1:8082/yjzf/api/v2/ent/entFenchen/listDictionaries?1=1", host: "192.168.1.112:9990", referrer: "http://localhost:8080/"
2020/12/24 09:47:52 [error] 6132#9100: *165 connect() failed (10061: No connection could be made because the target machine actively refused it) while connecting to upstream, client: 192.168.1.107, server: 127.0.0.1, request: "GET /yjzf/api/v2/sys/sysUtil/dictList?1=1 HTTP/1.1", upstream: "http://127.0.0.1:8082/yjzf/api/v2/sys/sysUtil/dictList?1=1", host: "192.168.1.112:9990", referrer: "http://localhost:8080/"
2020/12/24 09:55:30 [error] 6132#9100: *167 connect() failed (10061: No connection could be made because the target machine actively refused it) while connecting to upstream, client: 192.168.1.107, server: 127.0.0.1, request: "GET /yjzf/api/v2/sys/sysUtil/dictList?1=1 HTTP/1.1", upstream: "http://127.0.0.1:8082/yjzf/api/v2/sys/sysUtil/dictList?1=1", host: "192.168.1.112:9990", referrer: "http://localhost:8080/"
2020/12/24 09:58:59 [error] 6132#9100: *169 connect() failed (10061: No connection could be made because the target machine actively refused it) while connecting to upstream, client: 192.168.1.107, server: 127.0.0.1, request: "GET /yjzf/api/v2/ent/entLvjiagong/get?1=1&entId=eed51257018447998c8d8fdea2063ca2 HTTP/1.1", upstream: "http://127.0.0.1:8082/yjzf/api/v2/ent/entLvjiagong/get?1=1&entId=eed51257018447998c8d8fdea2063ca2", host: "192.168.1.112:9990", referrer: "http://localhost:8080/"
